<html>
<body>
<pre>
<h1>µVision Build Log</h1>
<h2>Tool Versions:</h2>
IDE-Version: ¦ÌVision V5.36.0.0
Copyright (C) 2021 ARM Ltd and ARM Germany GmbH. All rights reserved.
License Information: do arm, local, LIC=----
 
Tool Versions:
Toolchain:       MDK-Lite  Version: 5.36.0.0
Toolchain Path:  C:\Program Files (x86)\Local_Software\keil_v5\ARM\ARMCC\Bin
C Compiler:      Armcc.exe V5.06 update 7 (build 960)
Assembler:       Armasm.exe V5.06 update 7 (build 960)
Linker/Locator:  ArmLink.exe V5.06 update 7 (build 960)
Library Manager: ArmAr.exe V5.06 update 7 (build 960)
Hex Converter:   FromElf.exe V5.06 update 7 (build 960)
CPU DLL:         SARMCM3.DLL V5.36.0.0
Dialog DLL:      DCM.DLL V1.17.3.0
Target DLL:      CMSIS_AGDI.dll V1.33.0.0
Dialog DLL:      TCM.DLL V1.53.0.0
 
<h2>Project:</h2>
D:\PROJECT\project_stm32\stm32f103rct6_znxc\MDK-ARM\stm32f103rct6_znxc.uvprojx
Project File Date:  03/24/2022

<h2>Output:</h2>
*** Using Compiler 'V5.06 update 7 (build 960)', folder: 'C:\Program Files (x86)\Local_Software\keil_v5\ARM\ARMCC\Bin'
Rebuild target 'stm32f103rct6_znxc'
assembling startup_stm32f103xe.s...
compiling main.c...
../Core/Src/main.c(100): warning:  #177-D: variable "LD"  was declared but never referenced
        int LD = 0; // ×ó¾à
../Core/Src/main.c(101): warning:  #177-D: variable "RD"  was declared but never referenced
        int RD = 0; // ÓÒ¾à
../Core/Src/main.c: 2 warnings, 0 errors
compiling gpio.c...
compiling tim.c...
compiling usart.c...
compiling stm32f1xx_it.c...
compiling stm32f1xx_hal_msp.c...
compiling stm32f1xx_hal_gpio_ex.c...
compiling stm32f1xx_hal_tim.c...
compiling stm32f1xx_hal_tim_ex.c...
compiling stm32f1xx_hal.c...
compiling stm32f1xx_hal_rcc.c...
compiling stm32f1xx_hal_rcc_ex.c...
compiling stm32f1xx_hal_gpio.c...
compiling stm32f1xx_hal_dma.c...
compiling stm32f1xx_hal_cortex.c...
compiling stm32f1xx_hal_pwr.c...
compiling stm32f1xx_hal_flash.c...
compiling stm32f1xx_hal_flash_ex.c...
compiling stm32f1xx_hal_exti.c...
compiling stm32f1xx_hal_uart.c...
compiling system_stm32f1xx.c...
compiling bsp_beep.c...
compiling bsp_key.c...
compiling bsp_led.c...
compiling bsp_motor.c...
compiling bsp_usart.c...
compiling bsp_ultrasonic.c...
compiling bsp_delay_us.c...
compiling bsp_template.c...
linking...
Program Size: Code=8400 RO-data=360 RW-data=32 ZI-data=1240  
FromELF: creating hex file...
"..\obj\znxc.axf" - 0 Error(s), 2 Warning(s).

<h2>Software Packages used:</h2>

Package Vendor: ARM
                http://www.keil.com/pack/ARM.CMSIS.5.8.0.pack
                ARM.CMSIS.5.8.0
                CMSIS (Common Microcontroller Software Interface Standard)
   * Component: CORE Version: 5.5.0

Package Vendor: Keil
                http://www.keil.com/pack/Keil.STM32F1xx_DFP.2.4.0.pack
                Keil.STM32F1xx_DFP.2.4.0
                STMicroelectronics STM32F1 Series Device Support, Drivers and Examples

<h2>Collection of Component include folders:</h2>
  .\RTE\_stm32f103rct6_znxc
  C:\Program Files (x86)\Local_Software\keil_v5\Packs\ARM\CMSIS\5.8.0\CMSIS\Core\Include
  C:\Program Files (x86)\Local_Software\keil_v5\Packs\Keil\STM32F1xx_DFP\2.4.0\Device\Include

<h2>Collection of Component Files used:</h2>

   * Component: ARM::CMSIS:CORE:5.5.0
      Include file:  CMSIS\Core\Include\tz_context.h
Build Time Elapsed:  00:00:34
</pre>
</body>
</html>
